Using username "student-04-d5fe2f2a0015".
Authenticating with public key "imported-openssh-key"
Linux linux-instance 4.9.0-12-amd64 #1 SMP Debian 4.9.210-1+deb9u1 (2020-06-07)x86_64

The programs included with the Debian GNU/Linux system are free software;
the exact distribution terms for each program are described in the
individual files in /usr/share/doc/*/copyright.

Debian GNU/Linux comes with ABSOLUTELY NO WARRANTY, to the extent
permitted by applicable law.
student-04-d5fe2f2a0015@linux-instance:~$ cd ~/food-scripts
student-04-d5fe2f2a0015@linux-instance:~/food-scripts$ ls
favorite_foods.log  food_count.py  food_question.py
student-04-d5fe2f2a0015@linux-instance:~/food-scripts$ cat favorite_foods.log
pie
burgers
pizza
pie
tacos
fried chicken
spaghetti
rice
cake
broccoli
cake
cereal
salad
avocados
burgers
rice
rice
salad
ice cream
avocados
pie
pizza
fish
fried chicken
rice
strawberries
broccoli
bananas
salad
pizza
tacos
spaghetti
burgers
spaghetti
spaghetti
watermelon
avocados
strawberries
avocados
burgers
spaghetti
salad
pie
fried chicken
rice
fish
fried chicken
ice cream
fried chicken
pizza
salad
avocados
rice
pie
pie
tacos
fish
rice
salad
bananas
burgers
salad
rice
tacos
fried chicken
pizza
bananas
rice
bananas
rice
cereal
pizza
ice cream
strawberries
cereal
fried chicken
rice
burgers
bananas
broccoli
rice
burgers
avocados
tacos
fish
broccoli
fried chicken
pizza
burgers
cake
tacos
pie
burgers
ice cream
broccoli
watermelon
fried chicken
pie
burgers
ice cream
student-04-d5fe2f2a0015@linux-instance:~/food-scripts$ ./food_count.py
rice, 12
burgers, 10
fried chicken, 9
pie, 8
salad, 7
pizza, 7
avocados, 6
tacos, 6
bananas, 5
spaghetti, 5
broccoli, 5
ice cream, 5
fish, 4
cake, 3
cereal, 3
strawberries, 3
watermelon, 2
student-04-d5fe2f2a0015@linux-instance:~/food-scripts$ ./food_question.py
Traceback (most recent call last):
  File "./food_question.py", line 10, in <module>
    if item not in counter:
NameError: name 'item' is not defined
student-04-d5fe2f2a0015@linux-instance:~/food-scripts$ git status
On branch master
nothing to commit, working tree clean
student-04-d5fe2f2a0015@linux-instance:~/food-scripts$ git log
commit 21cf376832fa6eace35c0bf9e4bae4a3400452e9
Author: Alex Cooper <alex_cooper@gmail.com>
Date:   Wed Jan 8 14:09:39 2020 +0530

    Rename item variable to food_item.

commit b8d00e33237b24ea1480c363edd972cf4b49eedf
Author: Alex Cooper <alex_cooper@gmail.com>
Date:   Wed Jan 8 14:08:35 2020 +0530

    Added file food_question.py that returns how many others in the list like that same food.

commit 8d5a3189b88d273ef08286e5074b5e38d616da21
Author: Alex Cooper <alex_cooper@gmail.com>
Date:   Wed Jan 8 14:07:15 2020 +0530

    Added file food_count.py that returns a list of each food and the number of times each food appears in favorite_foods.log file.

commit 0a202e03e0356d2b5c323e51905d3d06e5e2d0ed
Author: Alex Cooper <alex_cooper@gmail.com>
Date:   Wed Jan 8 14:06:21 2020 +0530
student-04-d5fe2f2a0015@linux-instance:~/food-scripts$ git config user.name Vidya Rautela
student-04-d5fe2f2a0015@linux-instance:~/food-scripts$ git config user.email vidya.rautela.28@gmail.com
student-04-d5fe2f2a0015@linux-instance:~/food-scripts$ git branch improve-output
student-04-d5fe2f2a0015@linux-instance:~/food-scripts$ git checkout improve-output
Switched to branch 'improve-output'
student-04-d5fe2f2a0015@linux-instance:~/food-scripts$ git branch
* improve-output
  master
student-04-d5fe2f2a0015@linux-instance:~/food-scripts$ nano food_count.py
student-04-d5fe2f2a0015@linux-instance:~/food-scripts$ ./food_count.py
Favourite foods,from most popular to least popular
rice, 12
burgers, 10
fried chicken, 9
pie, 8
salad, 7
pizza, 7
tacos, 6
avocados, 6
broccoli, 5
ice cream, 5
bananas, 5
spaghetti, 5
fish, 4
cereal, 3
cake, 3
strawberries, 3
watermelon, 2
student-04-d5fe2f2a0015@linux-instance:~/food-scripts$ git add food_count.py
student-04-d5fe2f2a0015@linux-instance:~/food-scripts$ git commit -m "Adding a line in the output describing the utility of food_count.py script"
[improve-output 96d59e8] Adding a line in the output describing the utility of food_count.py script
 1 file changed, 1 insertion(+)
student-04-d5fe2f2a0015@linux-instance:~/food-scripts$ git status
On branch improve-output
nothing to commit, working tree clean
student-04-d5fe2f2a0015@linux-instance:~/food-scripts$ git commit -m "Adding a line in the output describing the utility of food_count.py script"
On branch improve-output
nothing to commit, working tree clean
student-04-d5fe2f2a0015@linux-instance:~/food-scripts$
student-04-d5fe2f2a0015@linux-instance:~/food-scripts$ git status
On branch improve-output
nothing to commit, working tree clean
student-04-d5fe2f2a0015@linux-instance:~/food-scripts$ ./food_question.py
Traceback (most recent call last):
  File "./food_question.py", line 10, in <module>
    if item not in counter:
NameError: name 'item' is not defined
student-04-d5fe2f2a0015@linux-instance:~/food-scripts$ ./food_question.py
Traceback (most recent call last):
  File "./food_question.py", line 10, in <module>
    if item not in counter:
NameError: name 'item' is not defined
student-04-d5fe2f2a0015@linux-instance:~/food-scripts$ git log
commit 96d59e8c89635cf8280e738cefbcec4ddf0d1221
Author: Vidya <vidya.rautela.28@gmail.com>
Date:   Wed Jul 8 07:46:29 2020 +0000

    Adding a line in the output describing the utility of food_count.py script

commit 21cf376832fa6eace35c0bf9e4bae4a3400452e9
Author: Alex Cooper <alex_cooper@gmail.com>
Date:   Wed Jan 8 14:09:39 2020 +0530

    Rename item variable to food_item.

commit b8d00e33237b24ea1480c363edd972cf4b49eedf
Author: Alex Cooper <alex_cooper@gmail.com>
Date:   Wed Jan 8 14:08:35 2020 +0530

    Added file food_question.py that returns how many others in the list like that same food.

commit 8d5a3189b88d273ef08286e5074b5e38d616da21
Author: Alex Cooper <alex_cooper@gmail.com>
Date:   Wed Jan 8 14:07:15 2020 +0530

    Added file food_count.py that returns a list of each food and the number of times each food appears in favorite_foods.log file.

commit 0a202e03e0356d2b5c323e51905d3d06e5e2d0ed
student-04-d5fe2f2a0015@linux-instance:~/food-scripts$ git revert [commit-ID]
fatal: bad revision '[commit-ID]'
student-04-d5fe2f2a0015@linux-instance:~/food-scripts$ git revert 0a202e03e0356d2b5c323e51905d3d06e5e2d0ed
[improve-output a9719c3] Revert "Added file favorite_foods.log that contains list of foods."
 1 file changed, 100 deletions(-)
 delete mode 100755 favorite_foods.log
student-04-d5fe2f2a0015@linux-instance:~/food-scripts$ ./food_question.py
Traceback (most recent call last):
  File "./food_question.py", line 7, in <module>
    with open("favorite_foods.log", "r") as f:
FileNotFoundError: [Errno 2] No such file or directory: 'favorite_foods.log'
student-04-d5fe2f2a0015@linux-instance:~/food-scripts$ git checkout master
Switched to branch 'master'
student-04-d5fe2f2a0015@linux-instance:~/food-scripts$ git merge improve-output
Updating 21cf376..a9719c3
Fast-forward
 favorite_foods.log | 100 ---------------------------------------------------------------------------------------
 food_count.py      |   1 +
 2 files changed, 1 insertion(+), 100 deletions(-)
 delete mode 100755 favorite_foods.log
student-04-d5fe2f2a0015@linux-instance:~/food-scripts$ ./food_question.py
Traceback (most recent call last):
  File "./food_question.py", line 7, in <module>
    with open("favorite_foods.log", "r") as f:
FileNotFoundError: [Errno 2] No such file or directory: 'favorite_foods.log'
student-04-d5fe2f2a0015@linux-instance:~/food-scripts$ git status
On branch master
nothing to commit, working tree clean
student-04-d5fe2f2a0015@linux-instance:~/food-scripts$ git log
commit a9719c31394e433d74a128de5a10144cdac90e07
Author: Vidya <vidya.rautela.28@gmail.com>
Date:   Wed Jul 8 07:50:58 2020 +0000

    Revert "Added file favorite_foods.log that contains list of foods."

    This reverts commit 0a202e03e0356d2b5c323e51905d3d06e5e2d0ed.

commit 96d59e8c89635cf8280e738cefbcec4ddf0d1221
Author: Vidya <vidya.rautela.28@gmail.com>
Date:   Wed Jul 8 07:46:29 2020 +0000

    Adding a line in the output describing the utility of food_count.py script

commit 21cf376832fa6eace35c0bf9e4bae4a3400452e9
Author: Alex Cooper <alex_cooper@gmail.com>
Date:   Wed Jan 8 14:09:39 2020 +0530

    Rename item variable to food_item.

commit b8d00e33237b24ea1480c363edd972cf4b49eedf
Author: Alex Cooper <alex_cooper@gmail.com>
Date:   Wed Jan 8 14:08:35 2020 +0530

    Added file food_question.py that returns how many others in the list like that same food.

student-04-d5fe2f2a0015@linux-instance:~/food-scripts$
